// Jest Snapshot v1, https://goo.gl/fbAQLP

exports[`<Simple /> Render match snapshot 1`] = `"<div>Simple</div>"`;
